=== gpu-screen-recorder recording 2026-08-18 16:17:47 ===
gsr info: option '-w portal' was used without '-restore-portal-session yes'. The previous screencast session will be ignored
gsr info: gsr_capture_portal_setup_dbus: CreateSession
gsr info: gsr_capture_portal_setup_dbus: SelectSources
gsr warning: gsr_dbus_screencast_select_sources: cursor mode metadata is not available, using cursor mode embedded instead
gsr info: gsr_capture_portal_setup_dbus: Start
gsr info: gsr_capture_portal_save_restore_token: saved restore token to cache (********)
gsr info: gsr_capture_portal_setup_dbus: OpenPipeWireRemote
gsr info: gsr_capture_portal_setup_dbus: desktop portal setup finished
gsr info: gsr_capture_portal_setup: setting up pipewire
gsr info: pipewire: server version: 1.6.8
gsr info: pipewire: library version: 1.6.8
gsr info: pipewire: header version: 1.6.8
gsr info: pipewire: stream 0x55caa5e034a0 previous state: "unconnected", new state: "connecting" (error: none)
gsr info: gsr_capture_portal_setup: pipewire setup finished
gsr info: gsr_capture_portal_start: waiting for pipewire negotiation
gsr info: pipewire: stream 0x55caa5e034a0 previous state: "connecting", new state: "paused" (error: none)
gsr info: pipewire: negotiated format:
gsr info: pipewire:    Format: 8 (Spa:Enum:VideoFormat:BGRx)
gsr info: pipewire:    Modifier: 0x0
gsr info: pipewire:    Size: 1366x768
gsr info: pipewire:    Framerate: 0/1
gsr info: pipewire: negotiated format:
gsr info: pipewire:    Format: 8 (Spa:Enum:VideoFormat:BGRx)
gsr info: pipewire:    Modifier: 0x100000000000002
gsr info: pipewire:    Size: 1366x768
gsr info: pipewire:    Framerate: 0/1
gsr info: pipewire: stream 0x55caa5e034a0 previous state: "paused", new state: "streaming" (error: none)
gsr info: gsr_capture_portal_start: pipewire negotiation finished
gsr error: selected video codec h264 is not supported by your hardware
gsr error: your gpu does not support 'h264' video codec. If you are sure that your gpu does support 'h264' video encoding and you are using an AMD/Intel GPU,
  then make sure you have installed the GPU specific vaapi packages (intel-media-driver, libva-intel-driver, libva-mesa-driver and linux-firmware).
  It's also possible that your distro has disabled hardware accelerated video encoding for 'h264' video codec.
  This may be the case on corporate distros such as Manjaro, Fedora or OpenSUSE.
  You can test this by running 'vainfo | grep VAEntrypointEncSlice' to see if it matches any H264/HEVC/AV1/VP8/VP9 profile.
  On such distros, you need to manually install mesa from source to enable H264/HEVC hardware acceleration, or use a more user friendly distro. Alternatively record with AV1 if supported by your GPU.
  You can alternatively use the flatpak version of GPU Screen Recorder (https://flathub.org/apps/com.dec05eba.gpu_screen_recorder) which bypasses system issues with patented H264/HEVC codecs.
  If your GPU doesn't support hardware accelerated video encoding then you can use '-fallback-cpu-encoding yes' option to encode with your cpu instead.
gsr info: pipewire: stream 0x55caa5e034a0 previous state: "streaming", new state: "paused" (error: none)
gsr info: pipewire: stream 0x55caa5e034a0 previous state: "paused", new state: "unconnected" (error: none)
